// Jest Snapshot v1, https://goo.gl/fbAQLP

exports[`ProductImage Debe de mostrar el componente correctamente con el titulo personalizado 1`] = `
<img
  alt="Product image"
  className="productImg custom-class"
  src="https://imagen.jpg"
/>
`;

exports[`ProductImage Debe de mostrar el componente correctamente con la imagen del producto 1`] = `
<div
  className="productCard undefined"
>
  <img
    alt="Product image"
    className="productImg undefined"
    src="./coffee-mug.png"
  />
</div>
`;

exports[`ProductImage Debe de mostrar el componente correctamente con la imagen personalizada 1`] = `
<img
  alt="Product image"
  className="productImg custom-class"
  src="https://imagen.jpg"
/>
`;
